[CNNModel] Loading HuggingFace CLIP model 'openai/clip-vit-base-patch32' on cpu ...
[CNNModel] CLIP embed dimension: 512
=== Testing PhishFree Model Suite ===

[1/3] Testing LLM (TextScorer)...
  Phishing Input: 'URGENT: Your account has been suspended. Click her...'
  Score: 0.5049
  Legit Input: 'Hey Sahil, are we still meeting for the hackathon ...'
  Score: 0.4974

[2/3] Testing CNN (CLIP + MLP)...
[CNNModel] Loaded 3 brand templates.
  Input: backend/demo_payloads/example1.png
  Phish Score: 0.4711
  Best Brand Match: google

[3/3] Testing GNN (GraphEngine)...
  Known Node (google.com) Score: 0.7997490312475337
  Unknown Node (random-new-site.xyz) Score: 0.0

=== Ensemble Result (Aggregated) ===
  Combined Risk Score: 0.3630
  Label: SUSPICIOUS
  Reasons: ['combined_score=0.363', 'weights(text,cnn,gnn)=(0.60,0.20,0.20)', 'components(text,cnn,gnn)=(0.50,0.20,0.10)', 'text model somewhat suspicious']
